// Jest Snapshot v1, https://goo.gl/fbAQLP

exports[`Simple page 1`] = `
<View
  style={
    Object {
      "backgroundColor": "red",
    }
  }
>
  <Text
    testID="textHello"
  />
  <View
    accessible={true}
    collapsable={false}
    focusable={true}
    onBlur={[Function]}
    onClick={[Function]}
    onFocus={[Function]}
    onResponderGrant={[Function]}
    onResponderMove={[Function]}
    onResponderRelease={[Function]}
    onResponderTerminate={[Function]}
    onResponderTerminationRequest={[Function]}
    onStartShouldSetResponder={[Function]}
    testID="helloButton"
  >
    <Text>
      Press me
    </Text>
  </View>
</View>
`;
